ASxxxx Linker V03.00 + NoICE + sdld,  page 1.
Hexadecimal  [32-Bits]

Area                                    Addr        Size        Decimal Bytes (Attributes)
--------------------------------        ----        ----        ------- ----- ------------
.  .ABS.                            00000000    00000000 =           0. bytes (ABS,CON)

      Value  Global                              Global Defined In Module
      -----  --------------------------------   ------------------------
     00000000  .__.ABS.                           
     00000000  l_CABS                          
     00000000  l_DABS                          
     00000000  l__CODE                         
     00000000  s_CABS                          
     00000000  s_DABS                          
     00000000  s__CODE                         
     00000001  l_SSEG                          
     00000001  s_DATA                          
     00000002  l_INITIALIZED                   
     00000002  l_INITIALIZER                   
     00000003  l_GSFINAL                       
     0000001A  l_GSINIT                        
     00000083  l_HOME                          
     000000E6  l_DATA                          
     000000E7  s_INITIALIZED                   
     0000153B  l_CODE                          
     00008000  s_HOME                          
     00008083  s_GSINIT                        
     0000809D  s_GSFINAL                       
     000080A0  s_CODE                          
     000095DB  s_INITIALIZER                   
     000095DD  s_SSEG                          

ASxxxx Linker V03.00 + NoICE + sdld,  page 2.
Hexadecimal  [32-Bits]

Area                                    Addr        Size        Decimal Bytes (Attributes)
--------------------------------        ----        ----        ------- ----- ------------
DATA                                00000001    000000E6 =         230. bytes (REL,CON)

      Value  Global                              Global Defined In Module
      -----  --------------------------------   ------------------------
     00000001  _key                               key
     0000000C  _led                               ledss
     00000015  _remote                            remote
     000000B4  _sysCfg                            rom
     000000CC  _sys                               system
     000000DD  _timeGet                           timerTick
     000000DF  _timeBack                          timerTick
     000000E1  _timeTickMs                        timerTick
     000000E5  _timeTickUs                        timerTick
ASxxxx Linker V03.00 + NoICE + sdld,  page 3.
Hexadecimal  [32-Bits]

Area                                    Addr        Size        Decimal Bytes (Attributes)
--------------------------------        ----        ----        ------- ----- ------------
INITIALIZED                         000000E7    00000002 =           2. bytes (REL,CON)

      Value  Global                              Global Defined In Module
      -----  --------------------------------   ------------------------
     000000E7  _ctrFlag                           remote
     000000E8  _ctrCnt                            remote

ASxxxx Linker V03.00 + NoICE + sdld,  page 4.
Hexadecimal  [32-Bits]

Area                                    Addr        Size        Decimal Bytes (Attributes)
--------------------------------        ----        ----        ------- ----- ------------
HOME                                00008000    00000083 =         131. bytes (REL,CON)

      Value  Global                              Global Defined In Module
      -----  --------------------------------   ------------------------
ASxxxx Linker V03.00 + NoICE + sdld,  page 5.
Hexadecimal  [32-Bits]

Area                                    Addr        Size        Decimal Bytes (Attributes)
--------------------------------        ----        ----        ------- ----- ------------
GSINIT                              00008083    0000001A =          26. bytes (REL,CON)

      Value  Global                              Global Defined In Module
      -----  --------------------------------   ------------------------
ASxxxx Linker V03.00 + NoICE + sdld,  page 6.
Hexadecimal  [32-Bits]

Area                                    Addr        Size        Decimal Bytes (Attributes)
--------------------------------        ----        ----        ------- ----- ------------
GSFINAL                             0000809D    00000003 =           3. bytes (REL,CON)

      Value  Global                              Global Defined In Module
      -----  --------------------------------   ------------------------
ASxxxx Linker V03.00 + NoICE + sdld,  page 7.
Hexadecimal  [32-Bits]

Area                                    Addr        Size        Decimal Bytes (Attributes)
--------------------------------        ----        ----        ------- ----- ------------
CODE                                000080A0    0000153B =        5435. bytes (REL,CON)

      Value  Global                              Global Defined In Module
      -----  --------------------------------   ------------------------
     000080A0  _debug_Init                        debug
     000080EC  _usart_send                        debug
     0000812B  _info                              debug
     00008133  _debugInfo                         debug
     000081D3  _tp_init                           key
     00008234  _touch_get                         key
     000082AB  _tp_get                            key
     000082BD  _tp_manager                        key
     0000831E  _led_change                        ledss
     00008332  _led_getstatus                     ledss
     00008337  _ledstt_init                       ledss
     0000836D  _ledstt_manager                    ledss
     000083E6  _UART1_RX_IRQHandler               main
     000083EB  _TIM4_UPD_OVF_IRQHandler           main
     000083F9  _TIM1_UPD_OVF_TRG_BRK_IRQHandler   main
     00008403  _EXTI_PORTD_IRQHandler             main
     0000840B  _IWDG_Config                       main
     00008423  _GPIO_Config                       main
     0000843C  _main                              main
     0000846D  _TIM1_EnIn                         remote
     00008484  _TIM1_DisIn                        remote
     00008495  _TIM1_Config                       remote
     000084BE  _GPIO_Configuration                remote
     000084D4  _remote_Init                       remote
     000084E5  _remote_CheckCompare               remote
     00008520  _remote_Decode                     remote
     000085E2  _remote_Clear                      remote
     0000860D  _remote_Process                    remote
     0000866E  _remote_Manager                    remote
     00008837  _sys_WriteCfg                      rom
     00008878  _sys_readCfg                       rom
     000089C4  _system_init                       system
     000089D1  _system_checkID                    system
     00008A0A  _system_manager                    system
     00008C2F  _TIMER_Init                        timerTick
     00008C62  _TIMER_Inc                         timerTick
     00008C8F  _TIMER_InitTime                    timerTick
     00008C9F  _TIMER_CheckTimeUS                 timerTick
     00008CE6  _TIMER_CheckTimeMS                 timerTick
     00008D5C  _CLK_Config                        clk
     00008DB4  _CLK_PeripheralClockConfig         clk
     00008DE5  _CLK_SYSCLKConfig                  clk
     00008E1C  _CLK_GetClockFreq                  clk
     00008E75  _HSIDivFactor                      clk
     00008E79  _EXTI_SetExtIntSensitivity         exti
     00008F0D  _GPIO_DeInit                       gpio
     00008F28  _GPIO_Init                         gpio
     00008FA0  _GPIO_Write                        gpio
     00008FA6  _GPIO_WriteReverse                 gpio
     00008FAD  _GPIO_WriteHigh                    gpio
ASxxxx Linker V03.00 + NoICE + sdld,  page 8.
Hexadecimal  [32-Bits]

Area                                    Addr        Size        Decimal Bytes (Attributes)
--------------------------------        ----        ----        ------- ----- ------------
CODE                                000080A0    0000153B =        5435. bytes (REL,CON)

      Value  Global                              Global Defined In Module
      -----  --------------------------------   ------------------------
     00008FB4  _GPIO_WriteLow                     gpio
     00008FC2  _GPIO_ReadInputPin                 gpio
     00008FC9  _GPIO_ExternalPullUpConfig         gpio
     00008FE4  _IWDG_WriteAccessCmd               iwdg
     00008FEB  _IWDG_SetPrescaler                 iwdg
     00008FF2  _IWDG_SetReload                    iwdg
     00008FF9  _IWDG_ReloadCounter                iwdg
     00008FFE  _IWDG_Enable                       iwdg
     00009003  _TIM1_DeInit                       tim1
     0000909C  _TIM1_TimeBaseInit                 tim1
     000090CF  _TIM1_Cmd                          tim1
     000090DD  _TIM1_ITConfig                     tim1
     000090FF  _TIM1_SetCounter                   tim1
     00009110  _TIM1_GetCounter                   tim1
     0000912C  _TIM1_ClearFlag                    tim1
     00009141  _TIM1_ClearITPendingBit            tim1
     00009149  _TIM4_DeInit                       tim4
     00009162  _TIM4_TimeBaseInit                 tim4
     0000916F  _TIM4_Cmd                          tim4
     00009174  _TIM4_ITConfig                     tim4
     0000917F  _TIM4_GetCounter                   tim4
     00009184  _TIM4_GetFlagStatus                tim4
     00009192  _TIM4_ClearFlag                    tim4
     0000919A  _TIM4_ClearITPendingBit            tim4
     000091A2  _UART1_DeInit                      uart
     000091CF  _UART1_Init                        uart
     0000935B  _UART1_Cmd                         uart
     0000936F  _UART1_ITConfig                    uart
     00009401  _UART1_ReceiveData8                uart
     00009406  _UART1_SendData8                   uart
     0000940D  _UART1_GetFlagStatus               uart
     00009450  _UART1_ClearFlag                   uart
     00009464  _UART1_GetITStatus                 uart
     000094F1  _UART1_ClearITPendingBit           uart
     00009505  __divulong                         
     0000955F  __mullong                          

ASxxxx Linker V03.00 + NoICE + sdld,  page 9.
Hexadecimal  [32-Bits]

Area                                    Addr        Size        Decimal Bytes (Attributes)
--------------------------------        ----        ----        ------- ----- ------------
INITIALIZER                         000095DB    00000002 =           2. bytes (REL,CON)

      Value  Global                              Global Defined In Module
      -----  --------------------------------   ------------------------
ASxxxx Linker V03.00 + NoICE + sdld,  page 10.
Hexadecimal  [32-Bits]

Area                                    Addr        Size        Decimal Bytes (Attributes)
--------------------------------        ----        ----        ------- ----- ------------
SSEG                                000095DD    00000001 =           1. bytes (REL,CON)

      Value  Global                              Global Defined In Module
      -----  --------------------------------   ------------------------
ASxxxx Linker V03.00 + NoICE + sdld,  page 11.

Files Linked                              [ module(s) ]

build/user/debug.rel                      [ debug ]
build/user/key.rel                        [ key ]
build/user/ledss.rel                      [ ledss ]
build/user/main.rel                       [ main ]
build/user/remote.rel                     [ remote ]
build/user/rom.rel                        [ rom ]
build/user/system.rel                     [ system ]
build/user/timerTick.rel                  [ timerTick ]
build/lib/clk.rel                         [ clk ]
build/lib/exti.rel                        [ exti ]
build/lib/gpio.rel                        [ gpio ]
build/lib/iwdg.rel                        [ iwdg ]
build/lib/tim1.rel                        [ tim1 ]
build/lib/tim4.rel                        [ tim4 ]
build/lib/uart.rel                        [ uart ]


Libraries Linked                          [ object file ]

c:\Program Files\SDCC\bin\..\lib\stm8/stm8.lib
                                          [ _divulong.rel ]
c:\Program Files\SDCC\bin\..\lib\stm8/stm8.lib
                                          [ _mullong.rel ]

ASxxxx Linker V03.00 + NoICE + sdld,  page 12.

User Base Address Definitions

HOME = 0x8000
DATA = 0x0001

